Testing extraction from: D:\desenvolvimento\vscode-extensions\src-i18n-extract-and-generate\sample\test-ts-strings.ts
============================================================
[extractJsTs] ≡ƒöì Found StringLiteral: "@angular/core"
[inIgnoredContext] TRUE: parentPath is import/export declaration
[extractJsTs]   ΓåÆ Skipped (ignored context)
[extractJsTs] ≡ƒöì Found StringLiteral: "app-test"
[inIgnoredContext] TRUE: has import/export parent
[extractJsTs]   ΓåÆ Skipped (ignored context)
[extractJsTs] ≡ƒöì Found StringLiteral: "<div>Test</div>"
[extractJsTs]   ΓåÆ Skipped (already processed as template)
[extractJsTs] ≡ƒöì Found StringLiteral: "Hello World"
[inIgnoredContext] TRUE: has import/export parent
[extractJsTs]   ΓåÆ Skipped (ignored context)
[extractJsTs] ≡ƒöì Found StringLiteral: "This is a test message"
[inIgnoredContext] TRUE: has import/export parent
[extractJsTs]   ΓåÆ Skipped (ignored context)
[extractJsTs] ≡ƒöì Found StringLiteral: "Welcome to the application"
[inIgnoredContext] TRUE: has import/export parent
[extractJsTs]   ΓåÆ Skipped (ignored context)
[extractJsTs] ≡ƒöì Found StringLiteral: "An error occurred"
[inIgnoredContext] TRUE: has import/export parent
[extractJsTs]   ΓåÆ Skipped (ignored context)
[extractJsTs] ≡ƒöì Found StringLiteral: "Success"
[inIgnoredContext] TRUE: has import/export parent
[extractJsTs]   ΓåÆ Skipped (ignored context)
[extractJsTs] ≡ƒöì Found StringLiteral: "Value is required"
[inIgnoredContext] TRUE: has import/export parent
[extractJsTs]   ΓåÆ Skipped (ignored context)
[extractJsTs] ≡ƒöì Found StringLiteral: "Valid input"
[inIgnoredContext] TRUE: has import/export parent
[extractJsTs]   ΓåÆ Skipped (ignored context)

Found 1 strings:

1. [html-text] "Test"
   Line: 6, Column: 20

